

================================================
Index area
================================================
Page 0 number of entries: 1
	Entry 0
		start_key: 20
		page_index: 1
================================================
Main area
================================================
Guardian overflow page index: 0

Page 0 number of entries: 1
	Entry 0
		key: 20
		value: 3
		overflow_entry_index: null
================================================
Overflow area
================================================
Page 0 number of entries: 1
	Entry 0
		key: 10
		value: 2
	 	overflow_entry_index: null
3
2
