
================================================
Index area
================================================
Page 0 number of entries: 1
	Entry 0
		start_key: 1
		page_index: 0
================================================
Main area
================================================
Guardian overflow page index: null

Page 0 number of entries: 1
	Entry 0
		key: 1
		value: 100
		overflow_entry_index: null
================================================
Overflow area
================================================
Page 0 number of entries: 0
1000
================================================
Index area
================================================
Page 0 number of entries: 1
	Entry 0
		start_key: 1
		page_index: 0
================================================
Main area
================================================
Guardian overflow page index: null

Page 0 number of entries: 1
	Entry 0
		key: 1
		value: 1000
		overflow_entry_index: null
================================================
Overflow area
================================================
Page 0 number of entries: 0
